
> chess-prodigy@2.6.0 build
> vite build

vite v7.3.6 building client environment for production...
transforming...
✓ 80 modules transformed.
rendering chunks...
computing gzip size...
dist/manifest.webmanifest                            0.51 kB
dist/index.html                                      0.58 kB │ gzip:   0.35 kB
dist/assets/fischer.worker-zZNSM36C.js           1,870.29 kB
dist/assets/engine.worker-D9kUuCr4.js            2,490.29 kB
dist/assets/spassky.worker-DL8CjyrC.js           4,129.88 kB
dist/assets/tal.worker-D95GCTnn.js               4,710.02 kB
dist/assets/index-CYOGO8WJ.css                      23.48 kB │ gzip:   6.19 kB
dist/assets/workbox-window.prod.es5-BBnX5xw4.js      5.75 kB │ gzip:   2.36 kB
dist/assets/index-D4KbtQ7g.js                      384.05 kB │ gzip: 126.01 kB
✓ built in 27.09s

PWA v1.3.0
mode      generateSW
precache  18 entries (13331.65 KiB)
files generated
  dist/sw.js
  dist/workbox-2fbc6a65.js
